// Jest Snapshot v1, https://goo.gl/fbAQLP

exports[`ApiContext TestingComponent W/ context 1`] = `
<div>
  <button
    onClick={[MockFunction]}
  >
    Fetch Rooms
  </button>
  <button
    onClick={[Function]}
  >
    Create Room
  </button>
  <button
    onClick={[Function]}
  >
    Fetch Room By ID
  </button>
  <button
    onClick={[Function]}
  >
    Update Room
  </button>
  <button
    onClick={[Function]}
  >
    Delete Room
  </button>
  <button
    onClick={[Function]}
  >
    Fetch Messages
  </button>
  <button
    onClick={[Function]}
  >
    Post Message
  </button>
</div>
`;
